
> orcs-vs-fairies@0.1.0 test
> vitest run tests/session-scenario-profile.test.ts tests/scenario-campaign-host.test.ts --reporter=verbose


 RUN  v4.1.11 /home/morgana/Projects/orcs-vs-Fairies

 ✓ tests/session-scenario-profile.test.ts > scenario ownership in ordinary session saves > retains the active campaign and matching battlefield through export and reload 148ms
 ✓ tests/scenario-campaign-host.test.ts > campaign controls in the canonical app host > discards a campaign file read after another match clears strategic ownership 14ms
 ✓ tests/scenario-campaign-host.test.ts > campaign controls in the canonical app host > keeps the newer campaign when two file reads resolve out of order 45ms
 ✓ tests/scenario-campaign-host.test.ts > campaign controls in the canonical app host > ignores stale read errors and reports an admitted current read error 5ms
 × tests/session-scenario-profile.test.ts > scenario ownership in ordinary session saves > continues both SAVE4 histories from the loaded campaign without changing their initial checkpoint or accepted prefix 140ms
   → Saved replay does not match the saved game.
 ✓ tests/session-scenario-profile.test.ts > scenario ownership in ordinary session saves > keeps the original historical game at SAVE3 while exporting its restored state as SAVE4 for inspection 21ms
 ✓ tests/session-scenario-profile.test.ts > scenario ownership in ordinary session saves > retains conquest decisions, army and active battle 117ms
 ✓ tests/session-scenario-profile.test.ts > scenario ownership in ordinary session saves > rejects a profile whose checkpoint is from another battlefield tick 48ms
 ✓ tests/session-scenario-profile.test.ts > scenario ownership in ordinary session saves > rejects executable metadata before reading a profile 12ms
 ✓ tests/session-scenario-profile.test.ts > scenario ownership in ordinary session saves > keeps ordinary session files unchanged when no profile is supplied 18ms
 ✓ tests/scenario-campaign-host.test.ts > campaign controls in the canonical app host > starts a campaign from the menu and retains normal commands in generic save ownership 135ms
 ✓ tests/scenario-campaign-host.test.ts > campaign controls in the canonical app host > continues an equipped SAVE4 campaign after ordinary save installation without replacing or duplicating its journal 408ms
 ✓ tests/scenario-campaign-host.test.ts > campaign controls in the canonical app host > opens an old saved campaign as an inspected checkpoint without starting or changing it 15ms
 ✓ tests/scenario-campaign-host.test.ts > campaign controls in the canonical app host > preserves a historical empty campaign and displays its compatibility reason 2ms
 ✓ tests/scenario-campaign-host.test.ts > campaign controls in the canonical app host > detects a bound historical generic save without a replay or profile 5ms
 ✓ tests/scenario-campaign-host.test.ts > campaign controls in the canonical app host > closes the mission modal when photo mode or another modal blocks it 2ms

⎯⎯⎯⎯⎯⎯⎯ Failed Tests 1 ⎯⎯⎯⎯⎯⎯⎯

 FAIL  tests/session-scenario-profile.test.ts > scenario ownership in ordinary session saves > continues both SAVE4 histories from the loaded campaign without changing their initial checkpoint or accepted prefix
Error: Saved replay does not match the saved game.
 ❯ new MatchRecorder src/core/replays.ts:68:143
     66|       const archive=decodeReplay(previous);
     67|       if(!replayRulesCompatible(archive))throw new Error('Older replay…
     68|       if(archive.finalTick!==state.tick||archive.finalChecksum!==repla…
       |                                                                                                                                               ^
     69|       this.initial=saveGame(loadGame(archive.initial));this.actions=st…
     70|       this.samples=structuredClone(archive.analysis).filter(sample=>{c…
 ❯ tests/session-scenario-profile.test.ts:40:24

⎯⎯⎯⎯⎯⎯⎯⎯⎯⎯⎯⎯⎯⎯⎯⎯⎯⎯⎯⎯⎯⎯⎯⎯[1/1]⎯


 Test Files  1 failed | 1 passed (2)
      Tests  1 failed | 15 passed (16)
   Start at  08:56:26
   Duration  1.18s (transform 653ms, setup 0ms, import 827ms, tests 1.14s, environment 86ms)

