Authored 22 native direction/defense fixtures at 287583c6bf90b0df76475f8541e6694df1d5f901; SAVE4, rules 4.0.1; zero simulation ticks.
PASS Native import preserves flank-front
PASS flank-front complete native round trip
PASS flank-front complete replay endpoint
PASS Native front attack measures held-facing damage
PASS Native import preserves flank-side
PASS flank-side complete native round trip
PASS flank-side complete replay endpoint
PASS Native side attack measures held-facing damage
PASS Native import preserves flank-rear
PASS flank-rear complete native round trip
PASS flank-rear complete replay endpoint
PASS Native rear attack measures held-facing damage
PASS Native import preserves shield-front
PASS shield-front-facing complete native round trip
PASS shield-front-facing complete replay endpoint
PASS shield-front-first-hit complete native round trip
PASS shield-front-first-hit complete replay endpoint
PASS Native shield front records health and directional energy
PASS Native import preserves shield-turned
PASS shield-turned-facing complete native round trip
PASS shield-turned-facing complete replay endpoint
PASS shield-turned-first-hit complete native round trip
PASS shield-turned-first-hit complete replay endpoint
PASS Native shield turned records health and directional energy
PASS Native import preserves shield-rear
PASS shield-rear-facing complete native round trip
PASS shield-rear-facing complete replay endpoint
PASS shield-rear-first-hit complete native round trip
PASS shield-rear-first-hit complete replay endpoint
PASS Native shield rear records health and directional energy
PASS Native import preserves shield-depletion
PASS shield-depletion-facing complete native round trip
PASS shield-depletion-facing complete replay endpoint
PASS shield-depletion-first-hit complete native round trip
PASS shield-depletion-first-hit complete replay endpoint
PASS Native shield depletion records health and directional energy
PASS shield-depletion-empty complete native round trip
PASS shield-depletion-empty complete replay endpoint
PASS shield-depletion-unprotected complete native round trip
PASS shield-depletion-unprotected complete replay endpoint
PASS Native guard reaches zero through combat and the next shot deals full damage
PASS Native import preserves cover-none
PASS cover-none-first-hit complete native round trip
PASS cover-none-first-hit complete replay endpoint
PASS Native ranged attack measures none cover
PASS Native import preserves cover-rock
