orcs siege: tick 95
orcs commander: tick 119
orcs cavalry: tick 138
dwarves siege: tick 25
dwarves commander: tick 41
dwarves cavalry: tick 61
undead siege: tick 100
undead commander: tick 199
undead cavalry: tick 239
tideborn siege: tick 96
tideborn commander: tick 122
tideborn cavalry: tick 145
automata siege: tick 24
automata commander: tick 37
automata cavalry: tick 53
fairies siege: tick 95
fairies cavalry: tick 109
normal commander recruitment: tick 120
ranged military research: tick 136
artifact recover equip unequip drop: tick 207
earned battle rank and promotion: tick 728
queen targeted teleport and healing: tick 736
mutually exclusive branch research: tick 1750
connected beacon status: tick 1759
engineer bridge barricade and paid repair: tick 1791
native save export load and replay seek: tick 1795
PASS 27 evidence entries; work/hundred-features/specialist-root-browser-20261001-2/browser-proof.json
