{
  "phase": "online-ui",
  "result": "failed-preserved",
  "sourcePin": "83941bc80ce9ec08840b0645d9b33e8018d5309a",
  "command": [
    "node",
    "scripts/verify_assembled_online.mjs",
    "http://127.0.0.1:5371"
  ],
  "envelopeManifestSha256": "a56d65a8540310858b15d7d402f4c48077a519ec543c6873c37b07ce37983d12",
  "runSha256": "414a23b0552b8145200257c29f218496c4fba8bbe3c2bb13b1ac6453ebaf414e",
  "sourceBeforeAfterEqual": true,
  "sameSourceAsFreshWebBuild": true,
  "sourceSha256": "d5cab8679d52174b38d1808194e91298acc588a1f76d96290e41d319ff47879f",
  "artifactDirectories": {
    "work/ai-save401-final-83941bc-r1/online-ui": 7
  },
  "recordedExecutablePackagesEqual": true,
  "scope": "Authenticates the preserved failed phase and unchanged bytes. Does not convert the failed canonical command into acceptance."
}
