Fontconfig warning: We will not regenerate the cache because some cache files were generated by a newer version (0x2012003) of Fontconfig. Please regenerate the cache with the latest version of Fontconfig to avoid any unexpected behavior. (current version: 0x2012001)
Crashing due to FD ownership violation:
#0 0x55b564767bc3 (/home/morgana/.cache/ms-playwright/chromium-1243/chrome-linux64/chrome+0x6a9abc2)
#1 0x55b569424efc (/home/morgana/.cache/ms-playwright/chromium-1243/chrome-linux64/chrome+0xb757efb)
#2 0x55b5640617c8 (/home/morgana/.cache/ms-playwright/chromium-1243/chrome-linux64/chrome+0x63947c7)
#3 0x55b56406001e (/home/morgana/.cache/ms-playwright/chromium-1243/chrome-linux64/chrome+0x639301d)
#4 0x55b56405c707 (/home/morgana/.cache/ms-playwright/chromium-1243/chrome-linux64/chrome+0x638f706)
#5 0x55b5686824d0 (/home/morgana/.cache/ms-playwright/chromium-1243/chrome-linux64/chrome+0xa9b54cf)
#6 0x55b563c9b687 (/home/morgana/.cache/ms-playwright/chromium-1243/chrome-linux64/chrome+0x5fce686)
#7 0x55b563c9ab00 (/home/morgana/.cache/ms-playwright/chromium-1243/chrome-linux64/chrome+0x5fcdaff)
#8 0x7fc36ea27c8e (/usr/lib/libc.so.6+0x27c8d)

DevTools listening on ws://127.0.0.1:5374/devtools/browser/1962c320-9661-418d-821e-dcd451ff8f6d
[1892320:1892320:1001/222000.510817:ERROR:content/browser/network_service_instance_impl.cc:655] Network service crashed or was terminated, restarting service.
Crashing due to FD ownership violation:
#0 0x5559dc399bc3 (/home/morgana/.cache/ms-playwright/chromium-1243/chrome-linux64/chrome+0x6a9abc2)
#1 0x5559e1056efc (/home/morgana/.cache/ms-playwright/chromium-1243/chrome-linux64/chrome+0xb757efb)
#2 0x5559dbc937c8 (/home/morgana/.cache/ms-playwright/chromium-1243/chrome-linux64/chrome+0x63947c7)
#3 0x5559dbc9201e (/home/morgana/.cache/ms-playwright/chromium-1243/chrome-linux64/chrome+0x639301d)
#4 0x5559dbc8e707 (/home/morgana/.cache/ms-playwright/chromium-1243/chrome-linux64/chrome+0x638f706)
#5 0x5559e02b44d0 (/home/morgana/.cache/ms-playwright/chromium-1243/chrome-linux64/chrome+0xa9b54cf)
#6 0x5559db8cd687 (/home/morgana/.cache/ms-playwright/chromium-1243/chrome-linux64/chrome+0x5fce686)
#7 0x5559db8ccb00 (/home/morgana/.cache/ms-playwright/chromium-1243/chrome-linux64/chrome+0x5fcdaff)
#8 0x7fe51d427c8e (/usr/lib/libc.so.6+0x27c8d)
[1892320:1892320:1001/222000.596759:ERROR:content/browser/network_service_instance_impl.cc:655] Network service crashed or was terminated, restarting service.
[1892320:1892320:1001/222000.601496:ERROR:chrome/browser/component_updater/soda_component_installer.cc:96] On demand update of the SODA component failed with error: 5
Crashing due to FD ownership violation:
#0 0x55f4b3806bc3 (/home/morgana/.cache/ms-playwright/chromium-1243/chrome-linux64/chrome+0x6a9abc2)
#1 0x55f4b84c3efc (/home/morgana/.cache/ms-playwright/chromium-1243/chrome-linux64/chrome+0xb757efb)
#2 0x55f4b31007c8 (/home/morgana/.cache/ms-playwright/chromium-1243/chrome-linux64/chrome+0x63947c7)
#3 0x55f4b30ff01e (/home/morgana/.cache/ms-playwright/chromium-1243/chrome-linux64/chrome+0x639301d)
#4 0x55f4b30fb707 (/home/morgana/.cache/ms-playwright/chromium-1243/chrome-linux64/chrome+0x638f706)
#5 0x55f4b77214d0 (/home/morgana/.cache/ms-playwright/chromium-1243/chrome-linux64/chrome+0xa9b54cf)
#6 0x55f4b2d3a687 (/home/morgana/.cache/ms-playwright/chromium-1243/chrome-linux64/chrome+0x5fce686)
#7 0x55f4b2d39b00 (/home/morgana/.cache/ms-playwright/chromium-1243/chrome-linux64/chrome+0x5fcdaff)
#8 0x7f7507427c8e (/usr/lib/libc.so.6+0x27c8d)
