PASS Native session import preserves orcs-formation authored world and underground troop
PASS line formation reaches selected army through Tactics controls
PASS wedge formation reaches selected army through Tactics controls
PASS square formation reaches selected army through Tactics controls
PASS loose formation reaches selected army through Tactics controls
PASS orcs-formation native exported save restores the complete saved state and runtime
PASS orcs-formation native replay reaches the complete matching saved state and runtime
PASS Native session import preserves orcs-rally authored world and underground troop
PASS Wounded isolated warrior enters a real low morale retreat
PASS Assault and Bulwark chants each spend 25 authored Fury through Faction controls
PASS Trophy standard consumes two authored trophies and creates a completed production structure
PASS Retreating warrior recovers morale near allied support and standard, then returns to holding
PASS War chant expires during real running production ticks
PASS orcs-rally native exported save restores the complete saved state and runtime
PASS orcs-rally native replay reaches the complete matching saved state and runtime
PASS Native session import preserves dwarves authored world and underground troop
PASS Deepforge specialist cannon loads five shells for 15 ore and fits stone for 25 wood / 20 ore
PASS World tools bridge order launches fitted specialist projectile and consumes one real shell
PASS dwarves-in-flight native exported save restores the complete saved state and runtime
PASS dwarves-in-flight native replay reaches the complete matching saved state and runtime
PASS Imported in-flight cannon shell resolves against the real world bridge once
PASS dwarves-impact native exported save restores the complete saved state and runtime
PASS dwarves-impact native replay reaches the complete matching saved state and runtime
PASS Native session import preserves automata authored world and underground troop
PASS Faction destination controls pay for Power Relay and assign the selected worker construction
PASS Completed production relay connects remote tower to headquarters
PASS automata-relay native exported save restores the complete saved state and runtime
PASS automata-relay native replay reaches the complete matching saved state and runtime
PASS Native bug report confirms served production build identity and matching recorded session
Verified 29 combined production behaviors. Evidence: /tmp/ovf-final-native-combat-20261001
