node:internal/modules/run_main:107
    triggerUncaughtException(
    ^

AssertionError [ERR_ASSERTION]: Alternate human sides require an independent AI-continuation reference and are unsupported
    at normalizedForCli (file:///tmp/combat-projection-portable-receipts-proof-20261001/source/work/prepare-combat-cli-projection.mjs:10991:3)
    at validateActions (file:///tmp/combat-projection-portable-receipts-proof-20261001/source/work/prepare-combat-cli-projection.mjs:11024:3)
    at prepareCombatCliProjection (file:///tmp/combat-projection-portable-receipts-proof-20261001/source/work/prepare-combat-cli-projection.mjs:11089:5)
    at main (file:///tmp/combat-projection-portable-receipts-proof-20261001/source/work/prepare-combat-cli-projection.mjs:11147:30)
    at file:///tmp/combat-projection-portable-receipts-proof-20261001/source/work/prepare-combat-cli-projection.mjs:11149:85
    at ModuleJob.run (node:internal/modules/esm/module_job:561:25)
    at async node:internal/modules/esm/loader:647:26
    at async asyncRunEntryPointWithESMLoader (node:internal/modules/run_main:101:5) {
  generatedMessage: false,
  code: 'ERR_ASSERTION',
  actual: false,
  expected: true,
  operator: '==',
  diff: 'simple'
}

Node.js v24.21.0
