node:internal/modules/run_main:107
    triggerUncaughtException(
    ^

AssertionError [ERR_ASSERTION]: Adapter must use the requested full source commit
+ actual - expected

+ '3f963008a3ce79e4615a8ca115954f9f4ce077ab'
- '0000000000000000000000000000000000000000'

    at prepareCombatCliProjection (file:///tmp/combat-projection-portable-receipts-proof-20261001/source/work/prepare-combat-cli-projection.mjs:11069:12)
    at main (file:///tmp/combat-projection-portable-receipts-proof-20261001/source/work/prepare-combat-cli-projection.mjs:11147:30)
    at file:///tmp/combat-projection-portable-receipts-proof-20261001/source/work/prepare-combat-cli-projection.mjs:11149:85
    at ModuleJob.run (node:internal/modules/esm/module_job:561:25)
    at async node:internal/modules/esm/loader:647:26
    at async asyncRunEntryPointWithESMLoader (node:internal/modules/run_main:101:5) {
  generatedMessage: false,
  code: 'ERR_ASSERTION',
  actual: '3f963008a3ce79e4615a8ca115954f9f4ce077ab',
  expected: '0000000000000000000000000000000000000000',
  operator: 'strictEqual',
  diff: 'simple'
}

Node.js v24.21.0
