Create a Deepforge realm using the faction picker.
Transfer 100 ore to the fairies and request a two-turn truce.
Launch the protected passage and move the commander into garrison range.
Reload the production page and resume the saved active passage.
Import the exported active profile through its file input.
Finish the passage by moving the commander to the eastern exit.
Wait for the treaty to expire, then fund an undead alliance.
Launch the hostile grove battle with the funded allied reinforcement.
Command the persistent detachment through the ordinary roster, attacks, movement and emplacement controls.
Reload, resume and import the completed realm with its verified battle history.
{
  "checks": [
    "connectedRealm",
    "conservedTributeAndTruce",
    "protectedPhysicalMovement",
    "activeLocalRestore",
    "activeFileRestore",
    "realPassageResult",
    "treatyExpiryAndAlliance",
    "actualAlliedAidAndHostility",
    "realCaptureAndPersistentArmy",
    "completedLocalAndFileRestore"
  ],
  "errors": []
}
