
> orcs-vs-fairies@0.1.0 build
> tsc --noEmit && vite build

vite v7.3.6 building client environment for production...
transforming...
✓ 72 modules transformed.
rendering chunks...
computing gzip size...
dist/index.html                     0.50 kB │ gzip:   0.34 kB
dist/assets/index-CFtEssw9.css     50.21 kB │ gzip:  10.77 kB
dist/assets/index-dUXLrzUw.js   1,892.90 kB │ gzip: 539.27 kB

(!) Some chunks are larger than 1600 kB after minification. Consider:
- Using dynamic import() to code-split the application
- Use build.rollupOptions.output.manualChunks to improve chunking: https://rollupjs.org/configuration-options/#output-manualchunks
- Adjust chunk size limit for this warning via build.chunkSizeWarningLimit.
✓ built in 2.98s

> orcs-vs-fairies@0.1.0 build:cli
> esbuild src/cli/main.ts --bundle --platform=node --format=esm --outfile=dist-cli/rts.js


  dist-cli/rts.js  297.9kb

⚡ Done in 7ms

> orcs-vs-fairies@0.1.0 build:server
> esbuild src/server/main.ts --bundle --platform=node --format=esm --packages=external --outfile=dist-server/rts-server.js


  dist-server/rts-server.js  392.5kb

⚡ Done in 8ms
