PASS Native import preserves siege-full-crew-capture
PASS siege-crew-defeated complete native round trip
PASS siege-crew-defeated complete replay endpoint
PASS siege-mid-capture complete native round trip
PASS siege-mid-capture complete replay endpoint
PASS siege-new-owner complete native round trip
PASS siege-new-owner complete replay endpoint
PASS siege-new-owner-moved complete native round trip
PASS siege-new-owner-moved complete replay endpoint
PASS siege-new-owner-pending-shot complete native round trip
PASS siege-new-owner-pending-shot complete replay endpoint
PASS siege-new-owner-impact complete native round trip
PASS siege-new-owner-impact complete replay endpoint
PASS Full crew defeat, ordinary capture and new-owner movement/firing
PASS Native import preserves ambush-selected-trigger
PASS Main Tactics disables ambush on dry ground
PASS ambush-concealed complete native round trip
PASS ambush-concealed complete replay endpoint
PASS ambush-triggered complete native round trip
PASS ambush-triggered complete replay endpoint
PASS Ready concealed archer ignores worker and fires on authored melee approach
PASS Native import preserves morale-supported-full-fight
