[
  {
    "ability": "raise",
    "disabled": false,
    "trainAccepted": false,
    "accepted": true,
    "picks": [
      [
        "lantern:duelist"
      ],
      [
        "fairy-melee"
      ]
    ],
    "spawned": [
      {
        "id": 41,
        "definitionId": "lantern:duelist",
        "allowed": true,
        "damage": 24,
        "hp": 55,
        "raised": true,
        "illusion": false
      }
    ],
    "savedSpawned": [
      {
        "definitionId": "lantern:duelist",
        "allowed": true
      }
    ]
  },
  {
    "ability": "raise",
    "disabled": true,
    "trainAccepted": false,
    "accepted": true,
    "picks": [
      [
        "lantern:duelist"
      ],
      [
        "fairy-melee"
      ]
    ],
    "spawned": [
      {
        "id": 41,
        "definitionId": "lantern:duelist",
        "allowed": true,
        "damage": 24,
        "hp": 55,
        "raised": true,
        "illusion": false
      }
    ],
    "savedSpawned": [
      {
        "definitionId": "lantern:duelist",
        "allowed": true
      }
    ]
  },
  {
    "ability": "illusion",
    "disabled": false,
    "trainAccepted": false,
    "accepted": true,
    "picks": [
      [
        "lantern:duelist"
      ],
      [
        "fairy-melee"
      ]
    ],
    "spawned": [
      {
        "id": 40,
        "definitionId": "lantern:duelist",
        "allowed": true,
        "damage": 24,
        "hp": 44,
        "illusion": true
      },
      {
        "id": 41,
        "definitionId": "lantern:duelist",
        "allowed": true,
        "damage": 24,
        "hp": 44,
        "illusion": true
      }
    ],
    "savedSpawned": [
      {
        "definitionId": "lantern:duelist",
        "allowed": true
      },
      {
        "definitionId": "lantern:duelist",
        "allowed": true
      }
    ]
  }
]
