{
  "checks": [
    "authoredContent",
    "fixedPuzzleStart",
    "armyAbilityAndControls",
    "physicalMovementAndWeaponDamage",
    "exactReset",
    "exactCheckpointRestore",
    "restoredObjectiveCompletion",
    "activeBossWarningPixels",
    "verifiedCampaignChapterAndBrowserResume",
    "realCampaignDefenseAndBranch"
  ],
  "outcome": {
    "outcome": "won",
    "tick": 975,
    "time": 48.74999999999937,
    "completed": [
      "solution",
      "commander"
    ]
  },
  "pixels": {
    "left": 45,
    "right": 47,
    "top": 34,
    "bottom": 44
  },
  "errors": []
}
