orcs-1: won at 22.30s; failed assertions: none
orcs-2: won at 70.00s; failed assertions: none
orcs-3: won at 10.00s; failed assertions: none
orcs-3-alt: won at 28.45s; failed assertions: none
orcs-4: won at 34.55s; failed assertions: none
fairies-1: won at 32.95s; failed assertions: none
fairies-2: won at 19.80s; failed assertions: none
fairies-3: won at 80.00s; failed assertions: none
fairies-3-alt: won at 7.60s; failed assertions: none
fairies-4: won at 29.40s; failed assertions: none
dwarves-1: won at 51.40s; failed assertions: none
dwarves-2: won at 75.00s; failed assertions: none
dwarves-3: won at 23.25s; failed assertions: none
dwarves-3-alt: won at 34.40s; failed assertions: none
dwarves-4: won at 48.40s; failed assertions: none
undead-1: won at 65.00s; failed assertions: none
undead-2: won at 35.40s; failed assertions: none
undead-3: won at 21.15s; failed assertions: none
undead-3-alt: won at 7.30s; failed assertions: none
undead-4: won at 26.35s; failed assertions: none
tideborn-1: won at 22.70s; failed assertions: none
tideborn-2: won at 11.05s; failed assertions: none
tideborn-3: won at 36.30s; failed assertions: none
tideborn-3-alt: won at 75.00s; failed assertions: none
tideborn-4: won at 32.20s; failed assertions: none
automata-1: won at 11.65s; failed assertions: none
automata-2: won at 35.40s; failed assertions: none
automata-3: won at 80.00s; failed assertions: none
automata-3-alt: won at 24.35s; failed assertions: none
automata-4: won at 33.95s; failed assertions: none
/tmp/ovf-scenario-453-readiness.yqkz996z/execution/native/all30.json
