{
  "directory": "/tmp/ovf-scenario-453-readiness.yqkz996z/execution/native/persistent-army",
  "deterministicSha256": "8dc864420dc9617c1ffe123a47aaca8b0439e22579d3fa24e96157b471e75be5",
  "assertions": 42,
  "chapters": [
    {
      "mission": "dwarves-1",
      "tick": 1029,
      "checksum": "49a68ff8",
      "commands": 37,
      "deployed": [],
      "survivors": [
        1,
        2,
        4,
        5
      ]
    },
    {
      "mission": "dwarves-2",
      "tick": 1500,
      "checksum": "350df501",
      "commands": 75,
      "deployed": [
        1,
        2,
        4,
        5
      ],
      "survivors": [
        1,
        2,
        5,
        12,
        16,
        21
      ]
    },
    {
      "mission": "dwarves-3-alt",
      "tick": 688,
      "checksum": "b0b6fc14",
      "commands": 69,
      "deployed": [
        1,
        16
      ],
      "survivors": [
        1,
        2,
        5,
        12,
        16,
        21
      ]
    }
  ],
  "casualty": 4,
  "reserves": [
    2,
    5,
    12,
    21
  ]
}
