Traceback (most recent call last):
  File "/usr/share/blender/5.2/scripts/modules/addon_utils.py", line 544, in enable
    mod.register()
    ~~~~~~~~~~~~^^
  File "/usr/share/blender/5.2/scripts/addons_core/bl_pkg/__init__.py", line 986, in register
    _remote_asset_library_restore_backups()
    ~~~~~~~~~~~~~~~~~~~~~~~~~~~~~~~~~~~~~^^
  File "/usr/share/blender/5.2/scripts/addons_core/bl_pkg/__init__.py", line 580, in _remote_asset_library_restore_backups
    from _bpy_internal.assets.remote_library import listing_downloader
  File "/usr/share/blender/5.2/scripts/modules/_bpy_internal/assets/remote_library/listing_downloader.py", line 32, in <module>
    from _bpy_internal.http import downloader as http_dl
  File "/usr/share/blender/5.2/scripts/modules/_bpy_internal/http/downloader.py", line 51, in <module>
    import cattrs
ModuleNotFoundError: No module named 'cattrs'
00:00.222  cycles           | WARNING HIPEW initialization failed: Error opening HIP dynamic library
00:00.877  render           | Saved: '/home/morgana/Projects/orcs-vs-Fairies/art/blender/raw/units/orc-cavalry/idle-0-00.png.supersample.png'
00:01.314  render           | Saved: '/home/morgana/Projects/orcs-vs-Fairies/art/blender/raw/units/orc-cavalry/attack-1-02.png.supersample.png'
00:01.751  render           | Saved: '/home/morgana/Projects/orcs-vs-Fairies/art/blender/raw/units/orc-cavalry/death-0-05.png.supersample.png'
00:02.192  render           | Saved: '/home/morgana/Projects/orcs-vs-Fairies/art/blender/raw/units/orc-cavalry/death-1-05.png.supersample.png'
00:02.656  render           | Saved: '/home/morgana/Projects/orcs-vs-Fairies/art/blender/raw/units/orc-cavalry/death-2-05.png.supersample.png'
00:03.141  render           | Saved: '/home/morgana/Projects/orcs-vs-Fairies/art/blender/raw/units/orc-cavalry/death-3-05.png.supersample.png'
00:03.622  render           | Saved: '/home/morgana/Projects/orcs-vs-Fairies/art/blender/raw/units/orc-cavalry/death-4-05.png.supersample.png'
00:04.108  render           | Saved: '/home/morgana/Projects/orcs-vs-Fairies/art/blender/raw/units/orc-cavalry/death-5-05.png.supersample.png'
00:04.590  render           | Saved: '/home/morgana/Projects/orcs-vs-Fairies/art/blender/raw/units/orc-cavalry/death-6-05.png.supersample.png'
00:05.076  render           | Saved: '/home/morgana/Projects/orcs-vs-Fairies/art/blender/raw/units/orc-cavalry/death-7-05.png.supersample.png'
Exception in module register(): /usr/share/blender/5.2/scripts/addons_core/bl_pkg/__init__.py
Info: Saved as "unit-orc-cavalry.blend"
UNIT COMPLETE orc-cavalry
Blender 5.2.2 LTS (hash d13f752e3b9c built 2026-09-15 10:50:22)

Blender quit
Traceback (most recent call last):
  File "/usr/share/blender/5.2/scripts/modules/addon_utils.py", line 544, in enable
    mod.register()
    ~~~~~~~~~~~~^^
  File "/usr/share/blender/5.2/scripts/addons_core/bl_pkg/__init__.py", line 986, in register
    _remote_asset_library_restore_backups()
    ~~~~~~~~~~~~~~~~~~~~~~~~~~~~~~~~~~~~~^^
  File "/usr/share/blender/5.2/scripts/addons_core/bl_pkg/__init__.py", line 580, in _remote_asset_library_restore_backups
    from _bpy_internal.assets.remote_library import listing_downloader
  File "/usr/share/blender/5.2/scripts/modules/_bpy_internal/assets/remote_library/listing_downloader.py", line 32, in <module>
    from _bpy_internal.http import downloader as http_dl
  File "/usr/share/blender/5.2/scripts/modules/_bpy_internal/http/downloader.py", line 51, in <module>
    import cattrs
ModuleNotFoundError: No module named 'cattrs'
00:00.249  cycles           | WARNING HIPEW initialization failed: Error opening HIP dynamic library
00:00.775  render           | Saved: '/home/morgana/Projects/orcs-vs-Fairies/art/blender/raw/units/orc-siege/idle-0-00.png.supersample.png'
00:01.267  render           | Saved: '/home/morgana/Projects/orcs-vs-Fairies/art/blender/raw/units/orc-siege/attack-1-02.png.supersample.png'
00:01.856  render           | Saved: '/home/morgana/Projects/orcs-vs-Fairies/art/blender/raw/units/orc-siege/death-0-05.png.supersample.png'
00:02.526  render           | Saved: '/home/morgana/Projects/orcs-vs-Fairies/art/blender/raw/units/orc-siege/death-1-05.png.supersample.png'
00:03.073  render           | Saved: '/home/morgana/Projects/orcs-vs-Fairies/art/blender/raw/units/orc-siege/death-2-05.png.supersample.png'
00:03.552  render           | Saved: '/home/morgana/Projects/orcs-vs-Fairies/art/blender/raw/units/orc-siege/death-3-05.png.supersample.png'
00:04.041  render           | Saved: '/home/morgana/Projects/orcs-vs-Fairies/art/blender/raw/units/orc-siege/death-4-05.png.supersample.png'
00:04.535  render           | Saved: '/home/morgana/Projects/orcs-vs-Fairies/art/blender/raw/units/orc-siege/death-5-05.png.supersample.png'
00:05.030  render           | Saved: '/home/morgana/Projects/orcs-vs-Fairies/art/blender/raw/units/orc-siege/death-6-05.png.supersample.png'
00:05.523  render           | Saved: '/home/morgana/Projects/orcs-vs-Fairies/art/blender/raw/units/orc-siege/death-7-05.png.supersample.png'
Exception in module register(): /usr/share/blender/5.2/scripts/addons_core/bl_pkg/__init__.py
Info: Saved as "unit-orc-siege.blend"
UNIT COMPLETE orc-siege
Blender 5.2.2 LTS (hash d13f752e3b9c built 2026-09-15 10:50:22)

Blender quit
