Traceback (most recent call last):
  File "/usr/share/blender/5.2/scripts/modules/addon_utils.py", line 544, in enable
    mod.register()
    ~~~~~~~~~~~~^^
  File "/usr/share/blender/5.2/scripts/addons_core/bl_pkg/__init__.py", line 986, in register
    _remote_asset_library_restore_backups()
    ~~~~~~~~~~~~~~~~~~~~~~~~~~~~~~~~~~~~~^^
  File "/usr/share/blender/5.2/scripts/addons_core/bl_pkg/__init__.py", line 580, in _remote_asset_library_restore_backups
    from _bpy_internal.assets.remote_library import listing_downloader
  File "/usr/share/blender/5.2/scripts/modules/_bpy_internal/assets/remote_library/listing_downloader.py", line 32, in <module>
    from _bpy_internal.http import downloader as http_dl
  File "/usr/share/blender/5.2/scripts/modules/_bpy_internal/http/downloader.py", line 51, in <module>
    import cattrs
ModuleNotFoundError: No module named 'cattrs'
00:00.189  cycles           | WARNING HIPEW initialization failed: Error opening HIP dynamic library
00:00.960  render           | Saved: '/home/morgana/Projects/orcs-vs-Fairies/art/blender/raw/buildings/orc-wall/idle-0-00.png.supersample.png'
00:01.613  render           | Saved: '/home/morgana/Projects/orcs-vs-Fairies/art/blender/raw/buildings/orc-wall/construction-0-00.png.supersample.png'
00:02.322  render           | Saved: '/home/morgana/Projects/orcs-vs-Fairies/art/blender/raw/buildings/orc-wall/construction-0-01.png.supersample.png'
00:03.055  render           | Saved: '/home/morgana/Projects/orcs-vs-Fairies/art/blender/raw/buildings/orc-wall/construction-0-02.png.supersample.png'
00:03.702  render           | Saved: '/home/morgana/Projects/orcs-vs-Fairies/art/blender/raw/buildings/orc-wall/death-0-00.png.supersample.png'
00:04.372  render           | Saved: '/home/morgana/Projects/orcs-vs-Fairies/art/blender/raw/buildings/orc-gate/idle-0-00.png.supersample.png'
00:05.045  render           | Saved: '/home/morgana/Projects/orcs-vs-Fairies/art/blender/raw/buildings/orc-gate/construction-0-00.png.supersample.png'
00:05.848  render           | Saved: '/home/morgana/Projects/orcs-vs-Fairies/art/blender/raw/buildings/orc-gate/construction-0-01.png.supersample.png'
00:06.644  render           | Saved: '/home/morgana/Projects/orcs-vs-Fairies/art/blender/raw/buildings/orc-gate/construction-0-02.png.supersample.png'
00:07.297  render           | Saved: '/home/morgana/Projects/orcs-vs-Fairies/art/blender/raw/buildings/orc-gate/death-0-00.png.supersample.png'
00:07.963  render           | Saved: '/home/morgana/Projects/orcs-vs-Fairies/art/blender/raw/buildings/orc-gate/open-0-00.png.supersample.png'
00:08.635  render           | Saved: '/home/morgana/Projects/orcs-vs-Fairies/art/blender/raw/buildings/fairy-wall/idle-0-00.png.supersample.png'
00:09.288  render           | Saved: '/home/morgana/Projects/orcs-vs-Fairies/art/blender/raw/buildings/fairy-wall/construction-0-00.png.supersample.png'
00:09.948  render           | Saved: '/home/morgana/Projects/orcs-vs-Fairies/art/blender/raw/buildings/fairy-wall/construction-0-01.png.supersample.png'
00:10.603  render           | Saved: '/home/morgana/Projects/orcs-vs-Fairies/art/blender/raw/buildings/fairy-wall/construction-0-02.png.supersample.png'
00:11.255  render           | Saved: '/home/morgana/Projects/orcs-vs-Fairies/art/blender/raw/buildings/fairy-wall/death-0-00.png.supersample.png'
00:11.928  render           | Saved: '/home/morgana/Projects/orcs-vs-Fairies/art/blender/raw/buildings/fairy-gate/idle-0-00.png.supersample.png'
00:12.603  render           | Saved: '/home/morgana/Projects/orcs-vs-Fairies/art/blender/raw/buildings/fairy-gate/construction-0-00.png.supersample.png'
00:13.342  render           | Saved: '/home/morgana/Projects/orcs-vs-Fairies/art/blender/raw/buildings/fairy-gate/construction-0-01.png.supersample.png'
00:13.968  render           | Saved: '/home/morgana/Projects/orcs-vs-Fairies/art/blender/raw/buildings/fairy-gate/construction-0-02.png.supersample.png'
00:14.572  render           | Saved: '/home/morgana/Projects/orcs-vs-Fairies/art/blender/raw/buildings/fairy-gate/death-0-00.png.supersample.png'
00:15.209  render           | Saved: '/home/morgana/Projects/orcs-vs-Fairies/art/blender/raw/buildings/fairy-gate/open-0-00.png.supersample.png'
00:15.896  render           | Saved: '/home/morgana/Projects/orcs-vs-Fairies/art/blender/raw/buildings/dwarf-wall/idle-0-00.png.supersample.png'
00:16.535  render           | Saved: '/home/morgana/Projects/orcs-vs-Fairies/art/blender/raw/buildings/dwarf-wall/construction-0-00.png.supersample.png'
00:17.196  render           | Saved: '/home/morgana/Projects/orcs-vs-Fairies/art/blender/raw/buildings/dwarf-wall/construction-0-01.png.supersample.png'
00:17.853  render           | Saved: '/home/morgana/Projects/orcs-vs-Fairies/art/blender/raw/buildings/dwarf-wall/construction-0-02.png.supersample.png'
00:18.502  render           | Saved: '/home/morgana/Projects/orcs-vs-Fairies/art/blender/raw/buildings/dwarf-wall/death-0-00.png.supersample.png'
00:19.176  render           | Saved: '/home/morgana/Projects/orcs-vs-Fairies/art/blender/raw/buildings/dwarf-gate/idle-0-00.png.supersample.png'
00:19.860  render           | Saved: '/home/morgana/Projects/orcs-vs-Fairies/art/blender/raw/buildings/dwarf-gate/construction-0-00.png.supersample.png'
00:20.545  render           | Saved: '/home/morgana/Projects/orcs-vs-Fairies/art/blender/raw/buildings/dwarf-gate/construction-0-01.png.supersample.png'
00:21.227  render           | Saved: '/home/morgana/Projects/orcs-vs-Fairies/art/blender/raw/buildings/dwarf-gate/construction-0-02.png.supersample.png'
00:21.898  render           | Saved: '/home/morgana/Projects/orcs-vs-Fairies/art/blender/raw/buildings/dwarf-gate/death-0-00.png.supersample.png'
00:22.566  render           | Saved: '/home/morgana/Projects/orcs-vs-Fairies/art/blender/raw/buildings/dwarf-gate/open-0-00.png.supersample.png'
00:23.242  render           | Saved: '/home/morgana/Projects/orcs-vs-Fairies/art/blender/raw/buildings/undead-wall/idle-0-00.png.supersample.png'
00:24.019  render           | Saved: '/home/morgana/Projects/orcs-vs-Fairies/art/blender/raw/buildings/undead-wall/construction-0-00.png.supersample.png'
00:24.767  render           | Saved: '/home/morgana/Projects/orcs-vs-Fairies/art/blender/raw/buildings/undead-wall/construction-0-01.png.supersample.png'
00:25.367  render           | Saved: '/home/morgana/Projects/orcs-vs-Fairies/art/blender/raw/buildings/undead-wall/construction-0-02.png.supersample.png'
00:25.971  render           | Saved: '/home/morgana/Projects/orcs-vs-Fairies/art/blender/raw/buildings/undead-wall/death-0-00.png.supersample.png'
00:26.624  render           | Saved: '/home/morgana/Projects/orcs-vs-Fairies/art/blender/raw/buildings/undead-gate/idle-0-00.png.supersample.png'
00:27.304  render           | Saved: '/home/morgana/Projects/orcs-vs-Fairies/art/blender/raw/buildings/undead-gate/construction-0-00.png.supersample.png'
00:27.986  render           | Saved: '/home/morgana/Projects/orcs-vs-Fairies/art/blender/raw/buildings/undead-gate/construction-0-01.png.supersample.png'
00:28.668  render           | Saved: '/home/morgana/Projects/orcs-vs-Fairies/art/blender/raw/buildings/undead-gate/construction-0-02.png.supersample.png'
00:29.342  render           | Saved: '/home/morgana/Projects/orcs-vs-Fairies/art/blender/raw/buildings/undead-gate/death-0-00.png.supersample.png'
00:30.008  render           | Saved: '/home/morgana/Projects/orcs-vs-Fairies/art/blender/raw/buildings/undead-gate/open-0-00.png.supersample.png'
00:30.690  render           | Saved: '/home/morgana/Projects/orcs-vs-Fairies/art/blender/raw/buildings/tideborn-wall/idle-0-00.png.supersample.png'
00:31.344  render           | Saved: '/home/morgana/Projects/orcs-vs-Fairies/art/blender/raw/buildings/tideborn-wall/construction-0-00.png.supersample.png'
00:32.000  render           | Saved: '/home/morgana/Projects/orcs-vs-Fairies/art/blender/raw/buildings/tideborn-wall/construction-0-01.png.supersample.png'
00:32.670  render           | Saved: '/home/morgana/Projects/orcs-vs-Fairies/art/blender/raw/buildings/tideborn-wall/construction-0-02.png.supersample.png'
00:33.444  render           | Saved: '/home/morgana/Projects/orcs-vs-Fairies/art/blender/raw/buildings/tideborn-wall/death-0-00.png.supersample.png'
00:34.240  render           | Saved: '/home/morgana/Projects/orcs-vs-Fairies/art/blender/raw/buildings/tideborn-gate/idle-0-00.png.supersample.png'
00:34.920  render           | Saved: '/home/morgana/Projects/orcs-vs-Fairies/art/blender/raw/buildings/tideborn-gate/construction-0-00.png.supersample.png'
00:35.606  render           | Saved: '/home/morgana/Projects/orcs-vs-Fairies/art/blender/raw/buildings/tideborn-gate/construction-0-01.png.supersample.png'
00:36.292  render           | Saved: '/home/morgana/Projects/orcs-vs-Fairies/art/blender/raw/buildings/tideborn-gate/construction-0-02.png.supersample.png'
00:36.959  render           | Saved: '/home/morgana/Projects/orcs-vs-Fairies/art/blender/raw/buildings/tideborn-gate/death-0-00.png.supersample.png'
00:37.627  render           | Saved: '/home/morgana/Projects/orcs-vs-Fairies/art/blender/raw/buildings/tideborn-gate/open-0-00.png.supersample.png'
00:38.308  render           | Saved: '/home/morgana/Projects/orcs-vs-Fairies/art/blender/raw/buildings/automata-wall/idle-0-00.png.supersample.png'
00:38.975  render           | Saved: '/home/morgana/Projects/orcs-vs-Fairies/art/blender/raw/buildings/automata-wall/construction-0-00.png.supersample.png'
00:39.630  render           | Saved: '/home/morgana/Projects/orcs-vs-Fairies/art/blender/raw/buildings/automata-wall/construction-0-01.png.supersample.png'
00:40.291  render           | Saved: '/home/morgana/Projects/orcs-vs-Fairies/art/blender/raw/buildings/automata-wall/construction-0-02.png.supersample.png'
00:40.948  render           | Saved: '/home/morgana/Projects/orcs-vs-Fairies/art/blender/raw/buildings/automata-wall/death-0-00.png.supersample.png'
00:41.661  render           | Saved: '/home/morgana/Projects/orcs-vs-Fairies/art/blender/raw/buildings/automata-gate/idle-0-00.png.supersample.png'
00:42.488  render           | Saved: '/home/morgana/Projects/orcs-vs-Fairies/art/blender/raw/buildings/automata-gate/construction-0-00.png.supersample.png'
00:43.131  render           | Saved: '/home/morgana/Projects/orcs-vs-Fairies/art/blender/raw/buildings/automata-gate/construction-0-01.png.supersample.png'
00:43.770  render           | Saved: '/home/morgana/Projects/orcs-vs-Fairies/art/blender/raw/buildings/automata-gate/construction-0-02.png.supersample.png'
00:44.422  render           | Saved: '/home/morgana/Projects/orcs-vs-Fairies/art/blender/raw/buildings/automata-gate/death-0-00.png.supersample.png'
00:45.094  render           | Saved: '/home/morgana/Projects/orcs-vs-Fairies/art/blender/raw/buildings/automata-gate/open-0-00.png.supersample.png'
Exception in module register(): /usr/share/blender/5.2/scripts/addons_core/bl_pkg/__init__.py
Info: Saved as "building-orc-wall.blend"
Info: Saved as "building-orc-gate.blend"
Info: Saved as "building-fairy-wall.blend"
Info: Saved as "building-fairy-gate.blend"
Info: Saved as "building-dwarf-wall.blend"
Info: Saved as "building-dwarf-gate.blend"
Info: Saved as "building-undead-wall.blend"
Info: Saved as "building-undead-gate.blend"
Info: Saved as "building-tideborn-wall.blend"
Info: Saved as "building-tideborn-gate.blend"
Info: Saved as "building-automata-wall.blend"
Info: Saved as "building-automata-gate.blend"
Blender 5.2.2 LTS (hash d13f752e3b9c built 2026-09-15 10:50:22)

Blender quit
