#0 building with "default" instance using docker driver

#1 [internal] load build definition from Dockerfile.server
#1 transferring dockerfile: 1.47kB done
#1 DONE 0.0s

#2 [internal] load metadata for docker.io/library/node:24-bookworm-slim
#2 DONE 0.1s

#3 [internal] load .dockerignore
#3 transferring context:
#3 transferring context: 340B done
#3 DONE 0.0s

#4 [build 1/7] FROM docker.io/library/node:24-bookworm-slim@sha256:0e0ff40c39bc087845bfb27465a0df4ea419520094bc35842ff83dd8cbe6f9b6
#4 resolve docker.io/library/node:24-bookworm-slim@sha256:0e0ff40c39bc087845bfb27465a0df4ea419520094bc35842ff83dd8cbe6f9b6 0.1s done
#4 DONE 0.1s

#5 [internal] load build context
#5 transferring context: 35.91kB done
#5 DONE 0.0s

#6 [build 2/7] WORKDIR /app
#6 CACHED

#7 [build 3/7] COPY package.json package-lock.json ./
#7 CACHED

#8 [build 4/7] RUN npm ci
#8 CACHED

#9 [build 5/7] COPY . .
#9 DONE 0.2s

#10 [build 6/7] RUN npm run build && npm run build:server
#10 0.239 
#10 0.239 > orcs-vs-fairies@0.1.0 build
#10 0.239 > tsc --noEmit && vite build
#10 0.239 
#10 2.754 vite v7.3.6 building client environment for production...
#10 2.796 transforming...
#10 5.091 ✓ 76 modules transformed.
#10 5.679 rendering chunks...
#10 5.695 computing gzip size...
#10 5.733 dist/index.html                     0.50 kB │ gzip:   0.34 kB
#10 5.733 dist/assets/index-9fQ_MTQv.css     52.61 kB │ gzip:  10.90 kB
#10 5.733 dist/assets/index-CLRRBDvU.js   1,872.94 kB │ gzip: 533.07 kB
#10 5.733 
#10 5.733 (!) Some chunks are larger than 1600 kB after minification. Consider:
#10 5.733 - Using dynamic import() to code-split the application
#10 5.733 - Use build.rollupOptions.output.manualChunks to improve chunking: https://rollupjs.org/configuration-options/#output-manualchunks
#10 5.733 - Adjust chunk size limit for this warning via build.chunkSizeWarningLimit.
#10 5.733 ✓ built in 2.96s
#10 5.824 
#10 5.824 > orcs-vs-fairies@0.1.0 build:server
#10 5.824 > node scripts/build-server.mjs
#10 5.824 
#10 DONE 6.0s

#11 [build 7/7] RUN npm prune --omit=dev
#11 0.729 
#11 0.729 removed 51 packages, and audited 4 packages in 518ms
#11 0.730 
#11 0.730 found 0 vulnerabilities
#11 DONE 0.9s

#12 [runtime  3/12] RUN mkdir -p /data && chown node:node /data
#12 CACHED

#13 [runtime  4/12] COPY --from=build --chown=node:node /app/package.json /app/package-lock.json ./
#13 CACHED

#14 [runtime  5/12] COPY --from=build --chown=node:node /app/node_modules ./node_modules
#14 CACHED

#15 [runtime  6/12] COPY --from=build --chown=node:node /app/dist ./dist
#15 DONE 0.2s

#16 [runtime  7/12] COPY --from=build --chown=node:node /app/dist-server ./dist-server
#16 DONE 0.2s

#17 [runtime  8/12] COPY --from=build --chown=node:node /app/scripts/tournaments/smoke.json ./scripts/tournaments/smoke.json
#17 DONE 0.2s

#18 [runtime  9/12] COPY --from=build --chown=node:node /app/scripts/agents/tournament-agent.mjs ./scripts/agents/tournament-agent.mjs
#18 DONE 0.2s

#19 [runtime 10/12] COPY --from=build --chown=node:node /app/src/core ./src/core
#19 DONE 0.2s

#20 [runtime 11/12] COPY --from=build --chown=node:node /app/src/tournament ./src/tournament
#20 DONE 0.2s

#21 [runtime 12/12] COPY --from=build --chown=node:node /app/src/cli ./src/cli
#21 DONE 0.2s

#22 exporting to image
#22 exporting layers
#22 exporting layers 0.8s done
#22 exporting manifest sha256:5a8ff3130d184f30116d360b3f71e21b06dec796a85c55e109d6da5b112612cf 0.0s done
#22 exporting config sha256:35d0cfa5cb2cfa22d8e8163685427637e469e6b89c8bfad92ca0b70744b9a9ef 0.0s done
#22 exporting attestation manifest sha256:656163ca44c86806bd5f0aa443eb4276063c96f4a01d6d60fb2960d95714ce82 0.0s done
#22 exporting manifest list sha256:9d6889efdc51ae29b081c2f417820150e81d3bab692208bb0cd74090d16e2306
#22 exporting manifest list sha256:9d6889efdc51ae29b081c2f417820150e81d3bab692208bb0cd74090d16e2306 0.0s done
#22 naming to docker.io/library/ovf-competition-integration-proof:local done
#22 unpacking to docker.io/library/ovf-competition-integration-proof:local
#22 unpacking to docker.io/library/ovf-competition-integration-proof:local 0.4s done
#22 DONE 1.3s
