PASS real temporary server serves production output to two independent authenticated profiles
PASS publisher uploads the exact validated mod and its pinned dependencies
PASS native installation preserves the recursive dependency graph
PASS receiver finds, recursively downloads, verifies and installs the exact root closure
PASS ordinary installed-revision launch passes the custom faction, pinned bundle and art into the actual match
PASS ordinary custom producer trains two same-role definitions with authored costs, names, health, combat stats and SVG art
PASS the revised mod launches its changed definitions and exact dependency closure
PASS installing a changed revision preserves the old installed package and its exact launch closure
node:internal/modules/run_main:107
    triggerUncaughtException(
    ^

response.json: Protocol error (Network.getResponseBody): No data found for resource with given identifier
Response body is not available for a response that was navigated away from. Read response.body() before triggering any navigation.
    at /home/morgana/Projects/orcs-vs-Fairies/scripts/verify_community_mod.mjs:78:70
    at async publishFile (/home/morgana/Projects/orcs-vs-Fairies/scripts/verify_community_mod.mjs:79:39)
    at async file:///home/morgana/Projects/orcs-vs-Fairies/scripts/verify_community_mod.mjs:389:31 {
  log: [],
  name: 'Error'
}

Node.js v24.21.0
