
> orcs-vs-fairies@0.1.0 test
> vitest run --maxWorkers=2 --reporter=default --reporter=json --outputFile=/tmp/ovf-id6-composed-full-build-f7-r2-o0w9akew/full-tests.json


 RUN  v4.1.11 /tmp/ovf-id6-integration-703fc-20261001

 ✓ tests/planning.test.ts (85 tests) 1505ms
     ✓ moves an existing gatherer to ore so an isolated idle worker can fill the wood target  356ms
 ✓ tests/session-tools.test.ts (50 tests) 1467ms
 ✓ tests/specialist-gameplay.test.ts (86 tests) 5382ms
     ✓ orcs keeps paid definition records aligned when explicit and default queues drain and refill  303ms
 ✓ tests/editor-scenario-authoring.test.ts (22 tests) 2948ms
     ✓ authors spawn, order, variable, message, reward and finish actions in their event order  349ms
     ✓ preserves imported world levels through coordinate edits, map placement, timed waves, export and play  694ms
 ✓ tests/tournament-runtime.test.ts (16 tests) 7363ms
     ✓ pins seeds and seat swaps, writes replay evidence, and repeats state hashes and commands  741ms
     ✓ forfeits timed out, crashed, malformed, out-of-sequence, and oversized processes and kills every child  4676ms
     ✓ cancels an active hung process, saves a verifiable aborted match, and waits for child termination  305ms
     ✓ keeps results public to authorized accounts but only lets the durable creator cancel  348ms
     ✓ rolls back a failed ownership write without launching a process or keeping a reservation  303ms
     ✓ authorizes requests, accepts registered configuration IDs, bounds concurrency, and cancels active agents  376ms
 ✓ tests/editor-scenario-package.test.ts (176 tests) 3103ms
 ✓ tests/simulation.test.ts (69 tests) 1429ms
 ✓ tests/allied-ai.test.ts (43 tests) 6235ms
     ✓ moves a 64-fighter public formation into an empty requested area and completes after saving  1176ms
     ✓ keeps one distinct scout and launches both approved armies in the same tick despite different decision cadences  345ms
     ✓ lets a healthy ally launch its ordinary solo wave when its partner cannot replenish troops  351ms
     ✓ bounds a full army wait when its recoverable allied economy has no fighters  1323ms
     ✓ continues pending directives, support and coordinated plans byte for byte after saving on every tick  1801ms
 ✓ tests/team-match.test.ts (91 tests) 18172ms
     ✓ runs real gathering, construction and training for all 4 players over 400 ticks  1609ms
     ✓ runs real gathering, construction and training for all 6 players over 400 ticks  3228ms
     ✓ runs real gathering, construction and training for all 8 players over 400 ticks  8595ms
     ✓ stops buying housing once AI reaches its configured population limit of 8  621ms
     ✓ stops buying housing once AI reaches its configured population limit of 17  885ms
     ✓ continues normal AI housing expansion with the default population limit  1196ms
     ✓ multiplies delivered harvest income without changing worker extraction  793ms
 ✓ tests/server-teams.test.ts (7 tests) 3429ms
     ✓ runs eight human seats, preserves private ownership and durable receipts, and resolves team forfeits after restart  1728ms
     ✓ starts cooperative human seats without AI readiness and runs both computer opponents through delayed team observations  1471ms
 ✓ tests/faction-save-semantics.test.ts (55 tests) 1614ms
 ✓ tests/planning-tools.test.ts (23 tests) 2231ms
     ✓ assigns a replacement worker and resumes a stopped foundation without buying another building  316ms
 ✓ tests/scenario-demo-compatibility.test.ts (21 tests) 1170ms
 ✓ tests/joint-combat-integration.test.ts (32 tests) 1653ms
 ✓ tests/practice-coach.test.ts (40 tests) 1214ms
 ✓ tests/faction-economy-interruption.test.ts (32 tests) 1185ms
 ✓ tests/team-ai-policy.test.ts (55 tests) 15ms
 ✓ tests/economy-tools.test.ts (30 tests) 267ms
 ✓ tests/modes-combined-ui.test.ts (15 tests) 265ms
 ✓ tests/faction-systems.test.ts (32 tests) 572ms
 ✓ tests/planning-session.test.ts (26 tests) 1438ms
 ✓ tests/tournament-dashboard.test.ts (15 tests) 1100ms
 ✓ tests/coach.test.ts (28 tests) 1759ms
 ✓ tests/environment.test.ts (31 tests) 157ms
 ✓ tests/specialist-world-integration.test.ts (27 tests) 2510ms
     ✓ builds and expires a level-0 bridge through the world terrain API, and replays a real crossing  567ms
     ✓ builds and expires a level-1 bridge through the world terrain API, and replays a real crossing  485ms
     ✓ records field repair and barricade commands on level-0  328ms
     ✓ records field repair and barricade commands on level-1  328ms
 ✓ tests/team-session-tools.test.ts (26 tests) 425ms
 ✓ tests/online-render-state.test.ts (13 tests) 134ms
 ✓ tests/economy-world-integration.test.ts (20 tests) 2380ms
     ✓ preserves a loaded caravan route when side 0 places an allied warehouse beneath it  335ms
     ✓ preserves a loaded caravan route when side 1 places an allied warehouse beneath it  306ms
     ✓ records world traversal and economic payment in a same-build replay  312ms
 ✓ tests/skirmish-roster.test.ts (74 tests) 52526ms
     ✓ runs every local CPU economy from the 2v2 UI config  9904ms
     ✓ runs every local CPU economy from the 4v4 UI config  41494ms
 ✓ tests/economy-cargo.test.ts (21 tests) 62ms
 ✓ tests/profile-rules-migration.test.ts (14 tests) 3010ms
     ✓ continues current campaign journals and guards chosen-branch and duplicate-result shortcuts  1568ms
     ✓ continues current conquest journals and keeps canonical ownership validation  746ms
 ✓ tests/faction-tools.test.ts (29 tests) 958ms
 ✓ tests/specialist-saves.test.ts (101 tests) 2090ms
     ✓ resumes and replays accepted specialist commands through combat, fire, promotions and structure expiry  1441ms
 ✓ tests/server-allied.test.ts (2 tests) 4866ms
     ✓ runs AI requests through public receipts, preserves issuer ownership, and hides them from opponents  3340ms
     ✓ conserves the authenticated payer bank and retries each transfer once before and after restart  1525ms
 ✓ tests/scenarios.test.ts (15 tests) 1287ms
     ✓ refuses to export a journal that exceeds its own import node budget  772ms
 ✓ tests/server/community-packages.test.ts (28 tests) 816ms
 ✓ tests/order-queue.test.ts (26 tests) 216ms
 ✓ tests/combat-tactics.test.ts (22 tests) 462ms
 ✓ tests/neutral-world.test.ts (13 tests) 294ms
 ✓ tests/captured-summon-rules.test.ts (27 tests) 1614ms
 ✓ tests/server-competitions.test.ts (8 tests) 1759ms
     ✓ records simultaneous forfeits as one draw with unchanged ratings  1007ms
 ✓ tests/server.test.ts (9 tests) 1547ms
     ✓ delays actual spectator frames and rejects spectator commands  406ms
 ✓ tests/server/community-http.test.ts (7 tests) 973ms
     ✓ accepts playable packages above 64 KiB only through publication and retains the normal body limit  321ms
 ✓ tests/specialist-economy-integration.test.ts (12 tests) 441ms
 ✓ tests/community-client.test.ts (15 tests) 1461ms
 ✓ tests/technology-branches.test.ts (9 tests) 3337ms
     ✓ enforces age, prerequisite, building and paid cost before reserving a branch across barracks  497ms
     ✓ preserves pending reservations, original charges and the completed choice across save and replay  414ms
     ✓ changes ranged combat damage, cavalry damage received and siege movement through ordinary research commands  840ms
     ✓ applies the movement branch only to ranged units and keeps its damage branch locked  511ms
     ✓ admits definition targets and upgrades one custom melee definition without upgrading the other  432ms
 ✓ tests/conquest-ui.test.ts (11 tests) 224ms
 ✓ tests/save4-corpus.test.ts (22 tests) 861ms
 ✓ tests/modes-combined.test.ts (13 tests) 1596ms
     ✓ continues complete world/content/objective saves and paid queues at every tick and replays the endpoint  1273ms
 ✓ tests/specialist-bridge-expiry.test.ts (12 tests) 2775ms
     ✓ kills a real level-0 raised troop at bridge expiry while a Necropolis sustains its lifetime  370ms
     ✓ kills a real level-1 raised troop at bridge expiry while a Necropolis sustains its lifetime  361ms
     ✓ reproduces level-0 cleanup and loss counts from a native save and replay seeks across expiry  545ms
     ✓ reproduces level-1 cleanup and loss counts from a native save and replay seeks across expiry  534ms
 ✓ tests/scenario-tools-readonly.test.ts (11 tests) 85ms
 ✓ tests/settlement-military-runtime.test.ts (2 tests) 1554ms
     ✓ finishes the same paid unit earlier at a local producer and preserves the full save and command replay  1111ms
     ✓ keeps unpicked and foreign recruits rejected after public draft completion and military specialization  442ms
 ✓ tests/minimap-level-focus.test.ts (7 tests) 681ms
 ✓ tests/saves.test.ts (56 tests) 7456ms
     ✓ continues two AI players identically for 600 ticks with scouting and economic memory  3156ms
     ✓ preserves returning workers, partial loads, queued orders and production over 500 ticks  1825ms
     ✓ preserves active illusions, ability cooldowns, shields, corpses and a paid research project  1382ms
     ✓ preserves the final queued gather through save/load after its waiting list is empty  515ms
 ✓ tests/modes-objectives.test.ts (13 tests) 918ms
     ✓ continues contested hill/relic/survival state and draft timers identically after saving  388ms
 ✓ tests/team-observation.test.ts (20 tests) 1002ms
 ✓ tests/editor-map-package.test.ts (50 tests) 1288ms
 ✓ tests/tactics-tools.test.ts (19 tests) 184ms
 ✓ tests/gamepad.test.ts (13 tests) 5ms
 ✓ tests/ally-directives-ui.test.ts (11 tests) 27ms
 ✓ tests/specialist-building-authority.test.ts (9 tests) 118ms
 ✓ tests/server-cosmetics.test.ts (7 tests) 674ms
     ✓ awards each verified match once, unlocks all three cosmetic types and preserves choices through restart  350ms
 ✓ tests/economy-settlements.test.ts (8 tests) 2603ms
     ✓ plants paid groves, saves growth, harvests wood and burns finite saplings  574ms
     ✓ overcharges physical crystal harvest, reproduces damage and permits worker repair  620ms
     ✓ gathers into local stock and physically delivers it before the wallet changes  353ms
     ✓ uses exclusive local expansion specializations for gathering, recruitment and research  598ms
 ✓ tests/joint-world-ignition.test.ts (6 tests) 645ms
 ✓ tests/ruin-cover.test.ts (17 tests) 1335ms
     ✓ derives only relic geometry and retains it through public capture and save continuation  650ms
 ✓ tests/mod-library.test.ts (9 tests) 333ms
 ✓ tests/authored-commanders.test.ts (57 tests) 183ms
 ✓ tests/ai-modes.test.ts (16 tests) 1155ms
     ✓ preserves configured modes, observed armies, retreat decisions and future cadence through saving  520ms
 ✓ tests/team-terminal.test.ts (18 tests) 960ms
     ✓ saves and restores side 7 with identical queued orders, production and subsequent simulation  449ms
 ✓ tests/scenario-campaign-host.test.ts (9 tests) 632ms
     ✓ continues an equipped SAVE4 campaign after ordinary save installation without replacing or duplicating its journal  414ms
 ✓ tests/specialist-scene.test.ts (6 tests) 65ms
 ✓ tests/scenario-save4-wrapper-migration.test.ts (10 tests) 210ms
 ✓ tests/display-settings.test.ts (10 tests) 31ms
 ✓ tests/specialist-command-analysis.test.ts (7 tests) 397ms
 ✓ tests/specialist-hud.test.ts (11 tests) 1601ms
 ✓ tests/match-rules-ui.test.ts (9 tests) 275ms
 ✓ tests/world-map.test.ts (26 tests) 3138ms
     ✓ traverses both real levels and returns through the far entrance  429ms
     ✓ destroys, invalidates and rebuilds a targetable bridge through orders  551ms
     ✓ continues world weather and tunnel transit from exact checkpoint  1041ms
 ✓ tests/progression.test.ts (12 tests) 805ms
   ✓ lets workers reach a huge-map flank camp, build a headquarters and deliver its ore  519ms
 ✓ tests/skirmish-options.test.ts (12 tests) 19ms
 ✓ tests/team-saves.test.ts (127 tests) 66245ms
     ✓ continues 4-player team matches identically for 500 ticks with AI, queued workers and abilities  8090ms
     ✓ continues 6-player team matches identically for 500 ticks with AI, queued workers and abilities  17819ms
     ✓ continues 8-player team matches identically for 500 ticks with AI, queued workers and abilities  33413ms
     ✓ supports full 256-cell map dimensions with dense fog and search memory for eight players  1295ms
     ✓ validates a historical two-player projection before adding team defaults, without losing AI memory  2081ms
     ✓ preserves finite queued gathering, orders and ability state through migration  536ms
 ✓ tests/allied-world-combined.test.ts (8 tests) 4050ms
     ✓ leaves surface troops unassigned to a cavern request and completes with real cavern movement after saving  2068ms
     ✓ reserves a custom worker crystal cost and transfers support only once through public commands  355ms
     ✓ releases a defender and its arrival timer during real traversal before the next AI decision  467ms
     ✓ keeps authoritative state and future simulation unchanged during observations and remote rendering  1123ms
 ✓ tests/world-interruptions.test.ts (8 tests) 961ms
 ✓ tests/neutral-world-integration.test.ts (5 tests) 2470ms
     ✓ completes a real den battle and resumes every subsequent tick with identical HP, reward and AI state  2137ms
 ✓ tests/scenario-core-binding.test.ts (6 tests) 701ms
     ✓ keeps generic save continuation and tick-600 replay seeking equal through a terminal mission  491ms
 ✓ tests/economy-specialist-core.test.ts (6 tests) 276ms
 ✓ tests/replays.test.ts (10 tests) 773ms
 ✓ tests/mod-gameplay.test.ts (7 tests) 712ms
 ✓ tests/joint-special-surrender-fire.test.ts (2 tests) 507ms
 ✓ tests/commander-capture.test.ts (14 tests) 1377ms
     ✓ keeps the commander slot valid after the natural 'medium' failed-case checkpoint  533ms
     ✓ keeps the commander slot valid after the natural 'large' failed-case checkpoint  456ms
 ✓ tests/scenario-recording-compatibility.test.ts (15 tests) 180ms
 ✓ tests/team-maps.test.ts (39 tests) 7339ms
   ✓ generates reproducible connected maps for 5 players across 30 seeds  346ms
   ✓ generates reproducible connected maps for 6 players across 30 seeds  371ms
   ✓ generates reproducible connected maps for 7 players across 30 seeds  402ms
   ✓ generates reproducible connected maps for 8 players across 30 seeds  435ms
   ✓ routes from every opening army to every HQ approach with 5 players  408ms
   ✓ routes from every opening army to every HQ approach with 6 players  530ms
   ✓ routes from every opening army to every HQ approach with 7 players  731ms
   ✓ routes from every opening army to every HQ approach with 8 players  900ms
   ✓ lets every player gather its private reserves and the contested camps with 6 players  374ms
   ✓ lets every player gather its private reserves and the contested camps with 7 players  473ms
   ✓ lets every player gather its private reserves and the contested camps with 8 players  585ms
 ✓ tests/online-client.test.ts (11 tests) 26ms
 ✓ tests/online-lobby.test.ts (7 tests) 592ms
 ✓ tests/economy-cargo-integration.test.ts (6 tests) 1626ms
     ✓ trains a caravan, trades between real constructed settlements and restores a loaded save  380ms
     ✓ stopping a loaded route retains its cargo and prevents a cancelled trip reward  301ms
     ✓ raids a paid hostile warehouse, saves the channel, and returns stolen local stock  331ms
     ✓ accepts a neutral contract locally and delivers its stock for a finite village reward  326ms
 ✓ tests/ai-cost-recovery.test.ts (14 tests) 1952ms
     ✓ uses the final assault when a partial same-kind cargo load cannot reach collection or enter return  891ms
     ✓ continues the no-income final assault identically through a real save  796ms
 ✓ tests/allied-cli.test.ts (5 tests) 486ms
 ✓ tests/team-world-observation.test.ts (14 tests) 526ms
 ✓ tests/settlement-mining-runtime.test.ts (2 tests) 873ms
     ✓ gathers faster on the same path, deposits earlier, conserves physical ore, and resumes full saves and replay  598ms
 ✓ tests/survival-wave-neutralization.test.ts (2 tests) 912ms
     ✓ keeps a hostile crewed engine active but excludes a captured defender engine from orders and final-wave completion  622ms
 ✓ tests/economy-cancellation.test.ts (8 tests) 529ms
 ✓ tests/session-scenario-profile.test.ts (7 tests) 650ms
 ✓ tests/server-modes.test.ts (3 tests) 2352ms
     ✓ retains the draft turn across process restart and advances expired server-owned turns  2080ms
 ✓ tests/controls.test.ts (10 tests) 8ms
 ✓ tests/faction-original-clause-composition.test.ts (2 tests) 385ms
 ✓ tests/conquest.test.ts (5 tests) 19816ms
     ✓ rejects aggregate journal growth before returning a profile that cannot reload  17618ms
     ✓ captures connected regions through ordinary combat and reloads real surviving armies  1317ms
     ✓ transfers tribute atomically, rejects weak proposals and applies passage, expiry and alliance aid  801ms
 ✓ tests/factions.test.ts (47 tests) 244ms
 ✓ tests/economy-scenario-integration.test.ts (6 tests) 358ms
 ✓ tests/ai-recovery.test.ts (14 tests) 620ms
     ✓ restores the same recovery decisions and ordinary attacks after saving  560ms
 ✓ tests/competition-tools-integration.test.ts (7 tests) 18ms
 ✓ tests/navigation.test.ts (12 tests) 272ms
 ✓ tests/scenario-campaign-reward.test.ts (9 tests) 426ms
 ✓ tests/scenario-historical-content.test.ts (5 tests) 195ms
 ✓ tests/economy-regressions.test.ts (7 tests) 2168ms
     ✓ round trips 27 paid recruits across nine constructed headquarters and continues their production  1632ms
     ✓ records economy commands and produces the same state after observed playback  332ms
 ✓ tests/upgrades.test.ts (9 tests) 195ms
 ✓ tests/production-reorder.test.ts (23 tests) 418ms
 ✓ tests/captured-gravecaller-grove.test.ts (9 tests) 620ms
 ✓ tests/terminal.test.ts (8 tests) 215ms
 ✓ tests/scenario-content.test.ts (12 tests) 113ms
 ✓ tests/geometry.test.ts (28 tests) 14ms
 ✓ tests/joint-trophy-ownership.test.ts (2 tests) 200ms
 ✓ tests/faction-fairy-supplemental-witness.test.ts (2 tests) 142ms
 ✓ tests/team-replays.test.ts (9 tests) 2890ms
     ✓ replays high-side commands, gathering and research in a 3-player match  584ms
     ✓ replays high-side commands, gathering and research in a 8-player match  2066ms
 ✓ tests/technology-tree.test.ts (4 tests) 171ms
 ✓ tests/minimap-alerts.test.ts (9 tests) 43ms
 ✓ tests/save4-rule-revision.test.ts (3 tests) 154ms
 ✓ tests/save-envelope-source.test.ts (23 tests) 91ms
 ✓ tests/captured-gravecaller-definition.test.ts (9 tests) 1545ms
     ✓ surrender, public raise, native continuation and replay (pinned true)  618ms
     ✓ surrender, public raise, native continuation and replay (pinned false)  577ms
 ✓ tests/technology-branches-ui.test.ts (2 tests) 965ms
   ✓ shows researched damage, armor and speed for owned roles while preserving enemy research privacy  672ms
 ✓ tests/world-combined.test.ts (4 tests) 514ms
 ✓ tests/joint-pre-impact-surrender-ignition.test.ts (2 tests) 442ms
 ✓ tests/ai-saves.test.ts (18 tests) 356ms
 ✓ tests/campaign.test.ts (12 tests) 22614ms
     ✓ preserves the previous profile when accumulated chapter journals exceed import limits  5745ms
     ✓ orcs completes four chapters with stable survivors and a persisted route  2730ms
     ✓ fairies completes four chapters with stable survivors and a persisted route  2888ms
     ✓ dwarves completes four chapters with stable survivors and a persisted route  3501ms
     ✓ undead completes four chapters with stable survivors and a persisted route  3077ms
     ✓ tideborn completes four chapters with stable survivors and a persisted route  1893ms
     ✓ automata completes four chapters with stable survivors and a persisted route  2562ms
 ✓ tests/profile-checkpoint-rules-compatibility.test.ts (9 tests) 913ms
 ✓ tests/allied-modes-binding.test.ts (4 tests) 5233ms
     ✓ keeps an accepted defense request in hill through save, continuation and replay  2623ms
     ✓ keeps an accepted defense request in relic through save, continuation and replay  2482ms
 ✓ tests/hud-health.test.ts (3 tests) 54ms
 ✓ tests/rally.test.ts (11 tests) 685ms
     ✓ rallies all six military roles from a barracks  533ms
 ✓ tests/session-storage.test.ts (4 tests) 640ms
     ✓ validates imports, names, capacity and autosave settings without replacing a match  373ms
 ✓ tests/content-registry.test.ts (17 tests) 43ms
 ✓ tests/campaign-verification.test.ts (5 tests) 793ms
     ✓ terminates a timed-out replay and accepts the next verification  518ms
 ✓ tests/tideborn-automata.test.ts (8 tests) 16560ms
   ✓ tideborn AI gathers crystal and recruits its full roster  8663ms
   ✓ automata AI gathers crystal and recruits its full roster  7766ms
 ✓ tests/terrain-economy.test.ts (7 tests) 760ms
   ✓ AI workers discover and deposit crystal through ordinary gathering rules  635ms
 ✓ tests/captured-illusion-definition.test.ts (2 tests) 299ms
 ✓ tests/historical-content.test.ts (4 tests) 24ms
 ✓ tests/editor-tools.test.ts (4 tests) 393ms
 ✓ tests/ai-policy.test.ts (7 tests) 29ms
 ✓ tests/conquest-persistent-equipment.test.ts (1 test) 110ms
 ✓ tests/neutral-siege-shells.test.ts (2 tests) 152ms
 ✓ tests/scenario-declared-abilities.test.ts (3 tests) 26ms
 ✓ tests/appearance.test.ts (5 tests) 21ms
 ✓ tests/ui-availability.test.ts (4 tests) 19ms
 ✓ tests/queue-cancel.test.ts (4 tests) 23ms
 ✓ tests/tactics-direction-saves.test.ts (24 tests) 897ms
 ✓ tests/team-ai-tools.test.ts (2 tests) 12ms
 ✓ tests/editor-document.test.ts (3 tests) 3ms
 ✓ tests/planning-storage.test.ts (2 tests) 37ms
 ✓ tests/scenario-ability-strategy.test.ts (6 tests) 33ms
 ✓ tests/campaign-persistent-army.test.ts (1 test) 6523ms
     ✓ replays earned ranks and artifacts, removes a deployed casualty, and preserves reserves deterministically  6522ms
 ✓ tests/render-density.test.ts (3 tests) 2ms
 ✓ tests/maps.test.ts (6 tests) 1309ms
   ✓ generates connected, symmetric large maps for 100 seeds  311ms
   ✓ generates connected, symmetric huge maps for 100 seeds  790ms
 ✓ tests/skirmish.test.ts (36 tests) 732675ms
   ✓ completes a real orcs vs orcs AI skirmish  39430ms
   ✓ completes a real orcs vs fairies AI skirmish  5248ms
   ✓ completes a real orcs vs dwarves AI skirmish  10946ms
   ✓ completes a real orcs vs undead AI skirmish  21843ms
   ✓ completes a real orcs vs tideborn AI skirmish  10153ms
   ✓ completes a real orcs vs automata AI skirmish  14625ms
   ✓ completes a real fairies vs orcs AI skirmish  8462ms
   ✓ completes a real fairies vs fairies AI skirmish  27541ms
   ✓ completes a real fairies vs dwarves AI skirmish  7515ms
   ✓ completes a real fairies vs undead AI skirmish  21961ms
   ✓ completes a real fairies vs tideborn AI skirmish  14794ms
   ✓ completes a real fairies vs automata AI skirmish  9387ms
   ✓ completes a real dwarves vs orcs AI skirmish  32296ms
   ✓ completes a real dwarves vs fairies AI skirmish  6847ms
   ✓ completes a real dwarves vs dwarves AI skirmish  57240ms
   ✓ completes a real dwarves vs undead AI skirmish  18490ms
   ✓ completes a real dwarves vs tideborn AI skirmish  29741ms
   ✓ completes a real dwarves vs automata AI skirmish  39179ms
   ✓ completes a real undead vs orcs AI skirmish  7816ms
   ✓ completes a real undead vs fairies AI skirmish  8144ms
   ✓ completes a real undead vs dwarves AI skirmish  51796ms
   ✓ completes a real undead vs undead AI skirmish  21402ms
   ✓ completes a real undead vs tideborn AI skirmish  17504ms
   ✓ completes a real undead vs automata AI skirmish  45452ms
   ✓ completes a real tideborn vs orcs AI skirmish  32843ms
   ✓ completes a real tideborn vs fairies AI skirmish  7777ms
   ✓ completes a real tideborn vs dwarves AI skirmish  13001ms
   ✓ completes a real tideborn vs undead AI skirmish  17355ms
   ✓ completes a real tideborn vs tideborn AI skirmish  15241ms
   ✓ completes a real tideborn vs automata AI skirmish  11265ms
   ✓ completes a real automata vs orcs AI skirmish  10528ms
   ✓ completes a real automata vs fairies AI skirmish  6316ms
   ✓ completes a real automata vs dwarves AI skirmish  68381ms
   ✓ completes a real automata vs undead AI skirmish  8885ms
   ✓ completes a real automata vs tideborn AI skirmish  5200ms
   ✓ completes a real automata vs automata AI skirmish  8063ms

 Test Files  160 passed (160)
      Tests  2942 passed (2942)
   Start at  18:52:28
   Duration  921.90s (transform 1.89s, setup 0ms, import 9.34s, tests 1103.27s, environment 2.84s)

JSON report written to /tmp/ovf-id6-composed-full-build-f7-r2-o0w9akew/full-tests.json
