Authored 23 native faction fixtures at f18a50d904c57ae1652f157b946ebd39d8d8923c; SAVE4, rules 4.0.1; zero simulation ticks.
Authored 22 native direction/defense fixtures at f18a50d904c57ae1652f157b946ebd39d8d8923c; SAVE4, rules 4.0.1; zero simulation ticks.
PASS Native import preserves flank-front
PASS flank-front complete native round trip
PASS flank-front complete replay endpoint
PASS Native front attack measures held-facing damage
PASS Native import preserves flank-side
PASS flank-side complete native round trip
PASS flank-side complete replay endpoint
PASS Native side attack measures held-facing damage
PASS Native import preserves flank-rear
PASS flank-rear complete native round trip
PASS flank-rear complete replay endpoint
PASS Native rear attack measures held-facing damage
PASS Native import preserves shield-front
PASS shield-front-facing complete native round trip
PASS shield-front-facing complete replay endpoint
PASS shield-front-first-hit complete native round trip
PASS shield-front-first-hit complete replay endpoint
PASS Native shield front records health and directional energy
PASS Native import preserves shield-turned
PASS shield-turned-facing complete native round trip
PASS shield-turned-facing complete replay endpoint
PASS shield-turned-first-hit complete native round trip
PASS shield-turned-first-hit complete replay endpoint
PASS Native shield turned records health and directional energy
PASS Native import preserves shield-rear
PASS shield-rear-facing complete native round trip
PASS shield-rear-facing complete replay endpoint
PASS shield-rear-first-hit complete native round trip
PASS shield-rear-first-hit complete replay endpoint
PASS Native shield rear records health and directional energy
PASS Native import preserves shield-depletion
PASS shield-depletion-facing complete native round trip
PASS shield-depletion-facing complete replay endpoint
PASS shield-depletion-first-hit complete native round trip
PASS shield-depletion-first-hit complete replay endpoint
PASS Native shield depletion records health and directional energy
PASS shield-depletion-empty complete native round trip
PASS shield-depletion-empty complete replay endpoint
PASS shield-depletion-unprotected complete native round trip
PASS shield-depletion-unprotected complete replay endpoint
PASS Native guard reaches zero through combat and the next shot deals full damage
PASS Native import preserves cover-none
PASS cover-none-first-hit complete native round trip
PASS cover-none-first-hit complete replay endpoint
PASS Native ranged attack measures none cover
PASS Native import preserves cover-rock
PASS cover-rock-first-hit complete native round trip
PASS cover-rock-first-hit complete replay endpoint
PASS Native ranged attack measures rock cover
PASS Native import preserves cover-building
PASS cover-building-first-hit complete native round trip
PASS cover-building-first-hit complete replay endpoint
PASS Native ranged attack measures building cover
PASS cover-building-destroyed complete native round trip
PASS cover-building-destroyed complete replay endpoint
PASS cover-building-uncovered complete native round trip
PASS cover-building-uncovered complete replay endpoint
PASS Native siege destruction removes the cover reduction on the following ranged hit
PASS Native import preserves friendly-fire-off
PASS friendly-fire-off-flight complete native round trip
PASS friendly-fire-off-flight complete replay endpoint
PASS friendly-fire-off-impact complete native round trip
PASS friendly-fire-off-impact complete replay endpoint
PASS Native pending shell obeys friendly fire off
PASS Native import preserves friendly-fire-on
PASS friendly-fire-on-flight complete native round trip
PASS friendly-fire-on-flight complete replay endpoint
PASS friendly-fire-on-impact complete native round trip
PASS friendly-fire-on-impact complete replay endpoint
PASS Native pending shell obeys friendly fire on
PASS Native import preserves charge-stationary
PASS charge-stationary-impact complete native round trip
PASS charge-stationary-impact complete replay endpoint
PASS Native cavalry stationary impact records target and rider health
PASS Native import preserves charge-charge
PASS charge-charge-moving complete native round trip
PASS charge-charge-moving complete replay endpoint
PASS charge-charge-impact complete native round trip
PASS charge-charge-impact complete replay endpoint
PASS Native cavalry charge impact records target and rider health
PASS Native import preserves charge-stop
PASS charge-stop-moving complete native round trip
PASS charge-stop-moving complete replay endpoint
PASS charge-stop-interrupted complete native round trip
